True
True
Fetch
True
